{
    "@odata.context": "http://kkrylovn.tscrm.com:40012/0/odata/$metadata#Account",
    "value": [
        {
            "Id": "405947d0-2ffb-4ded-8675-0475f19f5a81",
            "Name": "Accom (sample)",
            "OwnerId": "410006e1-ca4e-4502-a9ec-e54d922d2c00",
            "CreatedOn": "2020-04-07T15:46:11Z",
            "CreatedById": "410006e1-ca4e-4502-a9ec-e54d922d2c00",
            "ModifiedOn": "2024-07-05T04:33:37.315174Z",
            "ModifiedById": "410006e1-ca4e-4502-a9ec-e54d922d2c00",
            "ProcessListeners": 0,
            "OwnershipId": "f7af2e24-f46b-1410-fb98-00155d043204",
            "PrimaryContactId": "c4ed336c-3e9b-40fe-8b82-5632476472b4",
            "ParentId": "00000000-0000-0000-0000-000000000000",
            "IndustryId": "fbbf0e52-f36b-1410-c493-00155d043205",
            "Code": "1",
            "TypeId": "03a75490-53e6-df11-971b-001d60e938c6",
            "Phone": "+1 617 440 2498",
            "AdditionalPhone": "",
            "Fax": "",
            "Web": "ac.com",
            "AddressTypeId": "780bf68c-4b6e-df11-b988-001d60e938c6",
            "Address": "31 Union Street",
            "CityId": "74144617-a288-4984-bcac-e78733277a61",
            "RegionId": "658acfe7-09ae-4747-b1b3-541e2dfa1b9e",
            "Zip": "02111",
            "CountryId": "e0be1264-f36b-1410-fa98-00155d043204",
            "AccountCategoryId": "38ea507c-55e6-df11-971b-001d60e938c6",
            "EmployeesNumberId": "ef7f0eb0-f36b-1410-849f-0026185bfcd3",
            "AnnualRevenueId": "bc30bdaa-55e6-df11-971b-001d60e938c6",
            "Notes": "",
            "AlternativeName": "Accom-Westhouse Company",
            "GPSN": "",
            "GPSE": "",
            "Completeness": 95,
            "AccountLogoId": "00000000-0000-0000-0000-000000000000",
            "AUM": "",
            "LeadConversionScore": 0,
            "PriceListId": "00000000-0000-0000-0000-000000000000",
            "Logo@odata.mediaEditLink": "Account(405947d0-2ffb-4ded-8675-0475f19f5a81)/Logo",
            "Logo@odata.mediaReadLink": "Account(405947d0-2ffb-4ded-8675-0475f19f5a81)/Logo",
            "Logo@odata.mediaContentType": "application/octet-stream"
        },
        {
            "Id": "e308b781-3c5b-4ecb-89ef-5c1ed4da488e",
            "Name": "Our company",
            "OwnerId": "410006e1-ca4e-4502-a9ec-e54d922d2c00",
            "CreatedOn": "2019-08-31T23:00:50.811671Z",
            "CreatedById": "410006e1-ca4e-4502-a9ec-e54d922d2c00",
            "ModifiedOn": "2024-07-05T04:33:37.315174Z",
            "ModifiedById": "410006e1-ca4e-4502-a9ec-e54d922d2c00",
            "ProcessListeners": 0,
            "OwnershipId": "00000000-0000-0000-0000-000000000000",
            "PrimaryContactId": "00000000-0000-0000-0000-000000000000",
            "ParentId": "00000000-0000-0000-0000-000000000000",
            "IndustryId": "00000000-0000-0000-0000-000000000000",
            "Code": "43",
            "TypeId": "57412fad-53e6-df11-971b-001d60e938c6",
            "Phone": "",
            "AdditionalPhone": "",
            "Fax": "",
            "Web": "",
            "AddressTypeId": "00000000-0000-0000-0000-000000000000",
            "Address": "",
            "CityId": "00000000-0000-0000-0000-000000000000",
            "RegionId": "00000000-0000-0000-0000-000000000000",
            "Zip": "",
            "CountryId": "00000000-0000-0000-0000-000000000000",
            "AccountCategoryId": "00000000-0000-0000-0000-000000000000",
            "EmployeesNumberId": "00000000-0000-0000-0000-000000000000",
            "AnnualRevenueId": "00000000-0000-0000-0000-000000000000",
            "Notes": "",
            "AlternativeName": "",
            "GPSN": "",
            "GPSE": "",
            "Completeness": 0,
            "AccountLogoId": "00000000-0000-0000-0000-000000000000",
            "AUM": "",
            "LeadConversionScore": 0,
            "PriceListId": "00000000-0000-0000-0000-000000000000",
            "Logo@odata.mediaEditLink": "Account(e308b781-3c5b-4ecb-89ef-5c1ed4da488e)/Logo",
            "Logo@odata.mediaReadLink": "Account(e308b781-3c5b-4ecb-89ef-5c1ed4da488e)/Logo",
            "Logo@odata.mediaContentType": "application/octet-stream"
        }
    ]
}
