{
    "@odata.context": "http://kkrylovn.tscrm.com:40012/0/odata/$metadata#Contact",
    "value": [
        {
            "Id": "410006e1-ca4e-4502-a9ec-e54d922d2c00",
            "Name": "Supervisor",
            "OwnerId": "00000000-0000-0000-0000-000000000000",
            "CreatedOn": "2019-07-15T23:00:58.333098Z",
            "CreatedById": "410006e1-ca4e-4502-a9ec-e54d922d2c00",
            "ModifiedOn": "2024-07-05T04:33:37.315174Z",
            "ModifiedById": "410006e1-ca4e-4502-a9ec-e54d922d2c00",
            "ProcessListeners": 0,
            "Dear": "",
            "SalutationTypeId": "7426ffb3-56e6-df11-971b-001d60e938c6",
            "GenderId": "eeac42ee-65b6-df11-831a-001d60e938c6",
            "AccountId": "e308b781-3c5b-4ecb-89ef-5c1ed4da488e",
            "DecisionRoleId": "00000000-0000-0000-0000-000000000000",
            "TypeId": "60733efc-f36b-1410-a883-16d83cab0980",
            "JobId": "00000000-0000-0000-0000-000000000000",
            "JobTitle": "",
            "DepartmentId": "00000000-0000-0000-0000-000000000000",
            "BirthDate": "0001-01-01T00:00:00Z",
            "Phone": "",
            "MobilePhone": "",
            "HomePhone": "",
            "Skype": "",
            "Email": "",
            "AddressTypeId": "00000000-0000-0000-0000-000000000000",
            "Address": "",
            "CityId": "00000000-0000-0000-0000-000000000000",
            "RegionId": "00000000-0000-0000-0000-000000000000",
            "Zip": "",
            "CountryId": "00000000-0000-0000-0000-000000000000",
            "DoNotUseEmail": true,
            "DoNotUseCall": true,
            "DoNotUseFax": false,
            "DoNotUseSms": true,
            "DoNotUseMail": true,
            "Notes": "",
            "Facebook": "",
            "LinkedIn": "",
            "Twitter": "",
            "FacebookId": "",
            "LinkedInId": "",
            "TwitterId": "",
            "TwitterAFDAId": "00000000-0000-0000-0000-000000000000",
            "FacebookAFDAId": "00000000-0000-0000-0000-000000000000",
            "LinkedInAFDAId": "00000000-0000-0000-0000-000000000000",
            "PhotoId": "00000000-0000-0000-0000-000000000000",
            "GPSN": "",
            "GPSE": "",
            "Surname": "",
            "GivenName": "Supervisor",
            "MiddleName": "",
            "Confirmed": false,
            "Completeness": 0,
            "LanguageId": "00000000-0000-0000-0000-000000000000",
            "Age": 0,
            "IsEmailConfirmed": false,
            "AdCampaignId": "00000000-0000-0000-0000-000000000000",
            "CustomerNeedId": "00000000-0000-0000-0000-000000000000",
            "ChannelId": "00000000-0000-0000-0000-000000000000",
            "SourceId": "00000000-0000-0000-0000-000000000000",
            "RegisterMethodId": "00000000-0000-0000-0000-000000000000",
            "LeadConversionScore": 0,
            "IsNonActualEmail": false,
            "ContactPhoto@odata.mediaEditLink": "Contact(410006e1-ca4e-4502-a9ec-e54d922d2c00)/ContactPhoto",
            "ContactPhoto@odata.mediaReadLink": "Contact(410006e1-ca4e-4502-a9ec-e54d922d2c00)/ContactPhoto",
            "ContactPhoto@odata.mediaContentType": "application/octet-stream"
        },
        {
            "Id": "e79c6fe5-1853-4df5-a9e9-a585964e3a3b",
            "Name": "SysPortalConnection",
            "OwnerId": "00000000-0000-0000-0000-000000000000",
            "CreatedOn": "2019-07-16T01:51:51.10135Z",
            "CreatedById": "00000000-0000-0000-0000-000000000000",
            "ModifiedOn": "2024-07-05T04:33:37.315174Z",
            "ModifiedById": "00000000-0000-0000-0000-000000000000",
            "ProcessListeners": 0,
            "Dear": "",
            "SalutationTypeId": "00000000-0000-0000-0000-000000000000",
            "GenderId": "00000000-0000-0000-0000-000000000000",
            "AccountId": "00000000-0000-0000-0000-000000000000",
            "DecisionRoleId": "00000000-0000-0000-0000-000000000000",
            "TypeId": "00000000-0000-0000-0000-000000000000",
            "JobId": "00000000-0000-0000-0000-000000000000",
            "JobTitle": "",
            "DepartmentId": "00000000-0000-0000-0000-000000000000",
            "BirthDate": "0001-01-01T00:00:00Z",
            "Phone": "",
            "MobilePhone": "",
            "HomePhone": "",
            "Skype": "",
            "Email": "",
            "AddressTypeId": "00000000-0000-0000-0000-000000000000",
            "Address": "",
            "CityId": "00000000-0000-0000-0000-000000000000",
            "RegionId": "00000000-0000-0000-0000-000000000000",
            "Zip": "",
            "CountryId": "00000000-0000-0000-0000-000000000000",
            "DoNotUseEmail": false,
            "DoNotUseCall": false,
            "DoNotUseFax": false,
            "DoNotUseSms": false,
            "DoNotUseMail": false,
            "Notes": "",
            "Facebook": "",
            "LinkedIn": "",
            "Twitter": "",
            "FacebookId": "",
            "LinkedInId": "",
            "TwitterId": "",
            "TwitterAFDAId": "00000000-0000-0000-0000-000000000000",
            "FacebookAFDAId": "00000000-0000-0000-0000-000000000000",
            "LinkedInAFDAId": "00000000-0000-0000-0000-000000000000",
            "PhotoId": "00000000-0000-0000-0000-000000000000",
            "GPSN": "",
            "GPSE": "",
            "Surname": "",
            "GivenName": "SysPortalConnection",
            "MiddleName": "",
            "Confirmed": false,
            "Completeness": 0,
            "LanguageId": "00000000-0000-0000-0000-000000000000",
            "Age": 0,
            "IsEmailConfirmed": false,
            "AdCampaignId": "00000000-0000-0000-0000-000000000000",
            "CustomerNeedId": "00000000-0000-0000-0000-000000000000",
            "ChannelId": "00000000-0000-0000-0000-000000000000",
            "SourceId": "00000000-0000-0000-0000-000000000000",
            "RegisterMethodId": "00000000-0000-0000-0000-000000000000",
            "LeadConversionScore": 0,
            "IsNonActualEmail": false,
            "ContactPhoto@odata.mediaEditLink": "Contact(e79c6fe5-1853-4df5-a9e9-a585964e3a3b)/ContactPhoto",
            "ContactPhoto@odata.mediaReadLink": "Contact(e79c6fe5-1853-4df5-a9e9-a585964e3a3b)/ContactPhoto",
            "ContactPhoto@odata.mediaContentType": "application/octet-stream"
        },
        {
            "Id": "5266908c-f3d1-4c5c-9097-f0dfbdbf900b",
            "Name": "Email Supervisor",
            "OwnerId": "00000000-0000-0000-0000-000000000000",
            "CreatedOn": "2019-07-16T01:26:23.317872Z",
            "CreatedById": "410006e1-ca4e-4502-a9ec-e54d922d2c00",
            "ModifiedOn": "2024-07-05T04:33:37.315174Z",
            "ModifiedById": "410006e1-ca4e-4502-a9ec-e54d922d2c00",
            "ProcessListeners": 0,
            "Dear": "",
            "SalutationTypeId": "00000000-0000-0000-0000-000000000000",
            "GenderId": "00000000-0000-0000-0000-000000000000",
            "AccountId": "00000000-0000-0000-0000-000000000000",
            "DecisionRoleId": "00000000-0000-0000-0000-000000000000",
            "TypeId": "00000000-0000-0000-0000-000000000000",
            "JobId": "00000000-0000-0000-0000-000000000000",
            "JobTitle": "",
            "DepartmentId": "00000000-0000-0000-0000-000000000000",
            "BirthDate": "0001-01-01T00:00:00Z",
            "Phone": "",
            "MobilePhone": "",
            "HomePhone": "",
            "Skype": "",
            "Email": "",
            "AddressTypeId": "00000000-0000-0000-0000-000000000000",
            "Address": "",
            "CityId": "00000000-0000-0000-0000-000000000000",
            "RegionId": "00000000-0000-0000-0000-000000000000",
            "Zip": "",
            "CountryId": "00000000-0000-0000-0000-000000000000",
            "DoNotUseEmail": false,
            "DoNotUseCall": false,
            "DoNotUseFax": false,
            "DoNotUseSms": false,
            "DoNotUseMail": false,
            "Notes": "",
            "Facebook": "",
            "LinkedIn": "",
            "Twitter": "",
            "FacebookId": "",
            "LinkedInId": "",
            "TwitterId": "",
            "TwitterAFDAId": "00000000-0000-0000-0000-000000000000",
            "FacebookAFDAId": "00000000-0000-0000-0000-000000000000",
            "LinkedInAFDAId": "00000000-0000-0000-0000-000000000000",
            "PhotoId": "00000000-0000-0000-0000-000000000000",
            "GPSN": "",
            "GPSE": "",
            "Surname": "Supervisor",
            "GivenName": "Email",
            "MiddleName": "",
            "Confirmed": false,
            "Completeness": 0,
            "LanguageId": "00000000-0000-0000-0000-000000000000",
            "Age": 0,
            "IsEmailConfirmed": false,
            "AdCampaignId": "00000000-0000-0000-0000-000000000000",
            "CustomerNeedId": "00000000-0000-0000-0000-000000000000",
            "ChannelId": "00000000-0000-0000-0000-000000000000",
            "SourceId": "00000000-0000-0000-0000-000000000000",
            "RegisterMethodId": "00000000-0000-0000-0000-000000000000",
            "LeadConversionScore": 0,
            "IsNonActualEmail": false,
            "ContactPhoto@odata.mediaEditLink": "Contact(5266908c-f3d1-4c5c-9097-f0dfbdbf900b)/ContactPhoto",
            "ContactPhoto@odata.mediaReadLink": "Contact(5266908c-f3d1-4c5c-9097-f0dfbdbf900b)/ContactPhoto",
            "ContactPhoto@odata.mediaContentType": "application/octet-stream"
        },
        {
            "Id": "c4ed336c-3e9b-40fe-8b82-5632476472b4",
            "Name": "Andrew Baker(sample)",
            "OwnerId": "410006e1-ca4e-4502-a9ec-e54d922d2c00",
            "CreatedOn": "2020-04-09T12:06:25Z",
            "CreatedById": "410006e1-ca4e-4502-a9ec-e54d922d2c00",
            "ModifiedOn": "2024-07-05T04:33:37.315174Z",
            "ModifiedById": "410006e1-ca4e-4502-a9ec-e54d922d2c00",
            "ProcessListeners": 0,
            "Dear": "Andrew ",
            "SalutationTypeId": "7426ffb3-56e6-df11-971b-001d60e938c6",
            "GenderId": "eeac42ee-65b6-df11-831a-001d60e938c6",
            "AccountId": "405947d0-2ffb-4ded-8675-0475f19f5a81",
            "DecisionRoleId": "f71ee81d-0cac-4e41-b7dc-9d4bd2e08491",
            "TypeId": "00783ef6-f36b-1410-a883-16d83cab0980",
            "JobId": "cb49a603-57e6-df11-971b-001d60e938c6",
            "JobTitle": "Specialist",
            "DepartmentId": "2076c4b6-7fe6-df11-971b-001d60e938c6",
            "BirthDate": "1986-01-20T00:00:00Z",
            "Phone": "+1 617 440 2031",
            "MobilePhone": "+1 617 221 5187",
            "HomePhone": "",
            "Skype": "",
            "Email": "a.baker@ac.com",
            "AddressTypeId": "4f8b2d67-71d0-45fb-897e-cd4a308a97c0",
            "Address": "39 Columbia Street",
            "CityId": "74144617-a288-4984-bcac-e78733277a61",
            "RegionId": "658acfe7-09ae-4747-b1b3-541e2dfa1b9e",
            "Zip": "02112",
            "CountryId": "e0be1264-f36b-1410-fa98-00155d043204",
            "DoNotUseEmail": false,
            "DoNotUseCall": false,
            "DoNotUseFax": false,
            "DoNotUseSms": false,
            "DoNotUseMail": false,
            "Notes": "",
            "Facebook": "",
            "LinkedIn": "",
            "Twitter": "",
            "FacebookId": "",
            "LinkedInId": "",
            "TwitterId": "",
            "TwitterAFDAId": "00000000-0000-0000-0000-000000000000",
            "FacebookAFDAId": "00000000-0000-0000-0000-000000000000",
            "LinkedInAFDAId": "00000000-0000-0000-0000-000000000000",
            "PhotoId": "00000000-0000-0000-0000-000000000000",
            "GPSN": "",
            "GPSE": "",
            "Surname": "Baker(sample)",
            "GivenName": "Andrew",
            "MiddleName": "",
            "Confirmed": true,
            "Completeness": 100,
            "LanguageId": "00000000-0000-0000-0000-000000000000",
            "Age": 38,
            "IsEmailConfirmed": false,
            "AdCampaignId": "00000000-0000-0000-0000-000000000000",
            "CustomerNeedId": "00000000-0000-0000-0000-000000000000",
            "ChannelId": "00000000-0000-0000-0000-000000000000",
            "SourceId": "00000000-0000-0000-0000-000000000000",
            "RegisterMethodId": "00000000-0000-0000-0000-000000000000",
            "LeadConversionScore": 0,
            "IsNonActualEmail": false,
            "ContactPhoto@odata.mediaEditLink": "Contact(c4ed336c-3e9b-40fe-8b82-5632476472b4)/ContactPhoto",
            "ContactPhoto@odata.mediaReadLink": "Contact(c4ed336c-3e9b-40fe-8b82-5632476472b4)/ContactPhoto",
            "ContactPhoto@odata.mediaContentType": "application/octet-stream"
        }
    ]
}
